<?xml version="1.0" encoding="utf-8"?><testsuites name="pytest tests"><testsuite name="pytest" errors="0" failures="0" skipped="0" tests="1" time="6.049" timestamp="2026-05-20T09:35:12.385903-07:00" hostname="Erikas-MacBook-Pro.local"><testcase classname="tests.test_pipeline.TestPipeline" name="test_pipeline" time="5.586" /></testsuite></testsuites>